{"environment":"ENV1","cluster":"APP","host":"ENV1-APP01","service":"ENV1-APP01","event_source":"\\\\PKH-PPE-APP10\\logs\\Apps\\PriceHistoryService\\log.log","expected_state":"stopped","logger":"EdbExpectedEventSourcesLogger","level":"INFO"}
{"environment":"ENV1","cluster":"APP","host":"ENV1-APP01","service":"ENV1-APP01","event_source":"\\\\PKH-PPE-APP10\\logs\\Apps\\PriceHistoryService\\log.log","expected_state":"stopped","logger":"EdbExpectedEventSourcesLogger","level":"INFO"}
{"environment":"ENV1","cluster":"APP","host":"ENV1-APP01","service":"ENV1-APP01","event_source":"\\\\PKH-PPE-APP10\\","expected_state":"stopped","logger":"EdbExpectedEventSourcesLogger","level":"INFO"}
{"environment":"ENV1","cluster":"APP","host":"PKH-ENV2-SHARED01","service":"PKH-ENV2-SHARED01","event_source":"","expected_state":"running","logger":"EdbExpectedEventSourcesLogger","level":"INFO"}
{"environment":"ENV1","cluster":"APP","host":"ENV1-APP01","service":"ENV1-APP01","event_source":"\\\\ENV1-APP01\\","expected_state":"running","logger":"EdbExpectedEventSourcesLogger","level":"INFO"}
{"environment":"ENV1","cluster":"APP","host":"PKH-ENV2-SHARED01","service":"PKH-ENV2-SHARED01","event_source":"\\\\PKH-ENV2-SHARED01\\Logs\\Nolio\\all.log","expected_state":"running","logger":"EdbExpectedEventSourcesLogger","level":"INFO"}
{"environment":"ENV1","cluster":"DB","host":"ENV1-DB01","service":"ENV1-DB01","event_source":"\\\\ENV1-DB01\\Logs\\Nolio\\all.log","expected_state":"running","logger":"EdbExpectedEventSourcesLogger","level":"INFO"}
{"environment":"ENV1","cluster":"APP","host":"ENV1-APP01","service":"ENV1-APP01","event_source":"\\\\ENV1-APP01\\","expected_state":"running","logger":"EdbExpectedEventSourcesLogger","level":"INFO"}
{"environment":"ENV1","cluster":"APP","host":"ENV1-APP01","service":"ENV1-APP01","event_source":"\\\\PKH-PPE-APP10\\logs\\Apps\\PriceHistoryService\\PriceHistoryStats.log","expected_state":"stopped","logger":"EdbExpectedEventSourcesLogger","level":"INFO"}
{"environment":"ENV1","cluster":"DB","host":"ENV1-DB01","service":"ENV1-DB01","event_source":"\\\\ENV1-DB01\\","expected_state":"running","logger":"EdbExpectedEventSourcesLogger","level":"INFO"}
{"environment":"ENV1","cluster":"DB","host":"ENV1-DB01","service":"ENV1-DB01","event_source":"\\\\ENV1-DB01\\Logs\\Nolio\\all.log","expected_state":"running","logger":"EdbExpectedEventSourcesLogger","level":"INFO"}
{"environment":"ENV1","cluster":"APP","host":"PKH-ENV2-SHARED01","service":"PKH-ENV2-SHARED01","event_source":"","expected_state":"running","logger":"EdbExpectedEventSourcesLogger","level":"INFO"}
{"environment":"ENV1","cluster":"APP","host":"PKH-ENV2-SHARED01","service":"PKH-ENV2-SHARED01","event_source":"","expected_state":"running","logger":"EdbExpectedEventSourcesLogger","level":"INFO"}
{"environment":"ENV1","cluster":"APP","host":"ENV1-APP01","service":"ENV1-APP01","event_source":"\\\\ENV1-APP01\\Logs\\u*.log","expected_state":"running","logger":"EdbExpectedEventSourcesLogger","level":"INFO"}
{"environment":"ENV1","cluster":"DB","host":"ENV1-DB01","service":"ENV1-DB01","event_source":"\\\\ENV1-DB01\\","expected_state":"running","logger":"EdbExpectedEventSourcesLogger","level":"INFO"}
{"environment":"ENV1","cluster":"APP","host":"PKH-ENV2-SHARED01","service":"PKH-ENV2-SHARED01","event_source":"\\\\PKH-ENV2-SHARED01\\Logs\\Nolio\\all.log","expected_state":"running","logger":"EdbExpectedEventSourcesLogger","level":"INFO"}
{"environment":"ENV1","cluster":"APP","host":"ENV1-APP01","service":"ENV1-APP01","event_source":"\\\\PKH-PPE-APP10\\logs\\Apps\\PriceHistoryService\\PriceHistoryStats.log","expected_state":"stopped","logger":"EdbExpectedEventSourcesLogger","level":"INFO"}
{"environment":"ENV1","cluster":"DB","host":"ENV1-DB01","service":"ENV1-DB01","event_source":"\\\\ENV1-DB01\\","expected_state":"running","logger":"EdbExpectedEventSourcesLogger","level":"INFO"}
{"environment":"ENV1","cluster":"APP","host":"ENV1-APP01","service":"ENV1-APP01","event_source":"\\\\PKH-PPE-APP10\\","expected_state":"stopped","logger":"EdbExpectedEventSourcesLogger","level":"INFO"}
{"environment":"ENV1","cluster":"DB","host":"ENV1-DB01","service":"ENV1-DB01","event_source":"\\\\ENV1-DB01\\","expected_state":"running","logger":"EdbExpectedEventSourcesLogger","level":"INFO"}
{"environment":"ENV1","cluster":"APP","host":"ENV1-APP01","service":"ENV1-APP01","event_source":"\\\\ENV1-APP01\\","expected_state":"running","logger":"EdbExpectedEventSourcesLogger","level":"INFO"}
{"environment":"ENV1","cluster":"APP","host":"ENV1-APP01","service":"ENV1-APP01","event_source":"\\\\ENV1-APP01\\","expected_state":"running","logger":"EdbExpectedEventSourcesLogger","level":"INFO"}
{"environment":"ENV1","cluster":"APP","host":"ENV1-APP01","service":"ENV1-APP01","event_source":"\\\\ENV1-APP01\\Logs\\u*.log","expected_state":"running","logger":"EdbExpectedEventSourcesLogger","level":"INFO"}
{"environment":"ENV1","cluster":"APP","host":"PKH-ENV2-SHARED01","service":"PKH-ENV2-SHARED01","event_source":"","expected_state":"running","logger":"EdbExpectedEventSourcesLogger","level":"INFO"}
